[metodolotosecreto.online/inicio/index.html]
[backblue.gif]
[fade.gif]
[index.html]
[img.imageboss.me/atm/cdn/u/SyYdQ0vjz4MMra470UDa49KSCgf2/l/RnhACs4762684.png]
[fonts.googleapis.com/index.html]
[fonts.googleapis.com/css259fc.css]
[images.converteai.net/cd567dfe-c7af-40dc-a7b8-ad6f4b977128/players/63abb19b83a182000a0cf936/thumbnail.jpg]
[scripts.converteai.net/cd567dfe-c7af-40dc-a7b8-ad6f4b977128/players/63abb19b83a182000a0cf936/player.js]
[img.imageboss.me/atm/cdn/u/SyYdQ0vjz4MMra470UDa49KSCgf2/l/aJycrq8668694.png]
[connect.facebook.net/en_US/fbevents.js]
[metodolotosecreto.online/inicio/js/XhNgfm7182169.js]
[metodolotosecreto.online/inicio/index.html]
[fonts.googleapis.com/index.html]
[fonts.gstatic.com/index.html]
[fonts.googleapis.com/css259fc.css]
[www.facebook.com/tr38dc]
[img.imageboss.me/atm/cdn/u/SyYdQ0vjz4MMra470UDa49KSCgf2/l/aJycrq8668694.png]
[scripts.converteai.net/cd567dfe-c7af-40dc-a7b8-ad6f4b977128/players/63abb19b83a182000a0cf936/player.js]
[metodolotosecreto.online/inicio/c.8.delayed]
[metodolotosecreto.online/inicio/b]
[metodolotosecreto.online/inicio/POST]
[connect.facebook.net/en_US/fbevents.js]
[metodolotosecreto.online/inicio/c.html]
[metodolotosecreto.online/inicio/b.html]
[metodolotosecreto.online/inicio/POST.html]
